exports[`test matches snapshot 1`] = `
<Grid
  bsClass="container"
  className="Report"
  componentClass="div"
  fluid={false}>
  <Col
    bsClass="col"
    componentClass="div"
    md={2} />
  <Col
    bsClass="col"
    componentClass="div"
    md={8}>
    <Jumbotron
      bsClass="jumbotron"
      className="Report-header"
      componentClass="div">
      <h1>
        Report
      </h1>
    </Jumbotron>
    <Connect(Features) />
    <Connect(CheapestSuburb) />
    <Connect(HomeFloorspace) />
    <Connect(LivingSpace) />
    <Connect(TotalCost) />
  </Col>
  <Col
    bsClass="col"
    componentClass="div"
    md={2} />
</Grid>
`;
