exports[`test matches snapshot 1`] = `
<form
  onSubmit={undefined}>
  <Panel
    bsClass="panel"
    bsStyle="default"
    defaultExpanded={false}
    header="Sharing">
    <FormGroup
      bsClass="form-group">
      <ControlLabel
        bsClass="control-label"
        srOnly={false}>
        Are you willing to share:
      </ControlLabel>
      <Field
        component={[Function]}
        label="Laundries and outdoor areas"
        name="laundries" />
      <Field
        component={[Function]}
        label="Guest rooms"
        name="guestRooms" />
      <Field
        component={[Function]}
        label="Entertainment spaces"
        name="entertainment" />
    </FormGroup>
  </Panel>
</form>
`;
