exports[`test matches snapshot 1`] = `
<form
  onSubmit={undefined}>
  <Field
    component={[Function]}
    label="First name"
    name="firstName" />
  <Field
    component={[Function]}
    label="Last name"
    name="lastName" />
  <Field
    component={[Function]}
    label="Phone number"
    name="phone"
    type="tel" />
  <Field
    component={[Function]}
    label="Email"
    name="email"
    type="email" />
  <p>
    Click submit to find out more about your ideal home. We’ll also show you what it might look like.
  </p>
  <p>
    Even better, we’ll take into account your preferences when designing future projects and give you the opportunity to buy before releasing the project to the public.
  </p>
  <Button
    active={false}
    block={false}
    bsClass="btn"
    bsStyle="success"
    disabled={false}
    type="submit">
    Submit
  </Button>
</form>
`;
