exports[`test matches snapshot 1`] = `
<Well
  bsClass="well">
  <h1>
    Total Cost
  </h1>
  <p>
    Build cost: 
    <strong>
      <Currency
        type="nzd"
        value={0} />
    </strong>
  </p>
  <p>
    Land cost: 
    <strong>
      <Currency
        type="nzd"
        value={0} />
    </strong>
  </p>
  <br />
  <p>
    Total: 
    <strong>
      <Currency
        type="nzd"
        value={0} />
    </strong>
  </p>
</Well>
`;
