exports[`test matches snapshot 1`] = `
<Connect(Form(Home))
  destroyOnUnmount={true}
  enableReinitialize={false}
  forceUnregisterOnUnmount={false}
  form="homeVariant1"
  getFormState={[Function]}
  initialValues={undefined}
  keepDirtyOnReinitialize={false}
  persistentSubmitErrors={false}
  pure={true}
  shouldAsyncValidate={[Function]}
  shouldValidate={[Function]}
  touchOnBlur={true}
  touchOnChange={false} />
`;
