exports[`test matches snapshot 1`] = `
<div
  className="Page">
  <Uncontrolled(Navbar)
    bsStyle="default"
    style={
      Object {
        "margin": 0,
      }
    }>
    <NavbarHeader>
      <Link
        onlyActiveOnIndex={false}
        style={Object {}}
        to="/">
        <NavbarBrand>
          <img
            alt="Kaenga logo"
            src="logo.png"
            style={
              Object {
                "padding": "10px",
              }
            } />
        </NavbarBrand>
      </Link>
    </NavbarHeader>
  </Uncontrolled(Navbar)>
  <div
    style={
      Object {
        "marginBottom": "100px",
      }
    } />
  <Connect(Footer) />
</div>
`;
