exports[`test matches snapshot 1`] = `
<div
  className="Page">
  <Uncontrolled(Navbar)
    bsStyle="default"
    fixedTop={true}>
    <NavbarHeader>
      <Unknown
        onlyActiveOnIndex={false}
        style={Object {}}
        to="/">
        <NavbarBrand>
          <img
            alt="Kaenga logo"
            src="logo.png"
            style={
              Object {
                "height": "80px",
              }
            } />
        </NavbarBrand>
      </Unknown>
      <NavbarToggle />
    </NavbarHeader>
    <NavbarCollapse>
      <Nav
        bsClass="nav"
        bsStyle="tabs"
        justified={false}
        pullLeft={false}
        pullRight={true}
        stacked={false}>
        <LinkContainer
          action="push"
          onlyActiveOnIndex={false}
          to="/report">
          <NavItem
            active={false}
            disabled={false}>
            <span>
              Price: 
            </span>
            <Connect(PriceRange) />
          </NavItem>
        </LinkContainer>
      </Nav>
    </NavbarCollapse>
  </Uncontrolled(Navbar)>
  <Footer />
</div>
`;
