exports[`test matches snapshot 1`] = `
<FormGroup
  bsClass="form-group">
  <ControlLabel
    bsClass="control-label"
    srOnly={false} />
  <FormControl
    bsClass="form-control"
    componentClass="textarea"
    onChange={undefined}
    placeholder={undefined}
    rows={undefined}
    style={undefined}
    value={undefined} />
</FormGroup>
`;
