exports[`test matches snapshot 1`] = `
<form
  onSubmit={undefined}>
  <Panel
    bsClass="panel"
    bsStyle="default"
    defaultExpanded={false}
    header="Occupants">
    <Field
      component={[Function]}
      label="How many adults will live in your new home?"
      name="adults" />
    <Field
      component={[Function]}
      label="How many children will live in your new home?"
      name="teenagers" />
    <Field
      component={[Function]}
      label="How many teenagers will live in your new home?"
      name="children" />
  </Panel>
</form>
`;
