exports[`test matches snapshot 1`] = `
<OverlayTrigger
  defaultOverlayShown={false}
  overlay={
    <Popover
      bsClass="popover"
      id="Info-"
      placement="right" />
  }
  placement="right"
  rootClose={true}
  trigger="click">
  <Button
    active={false}
    block={false}
    bsClass="btn"
    bsStyle="info"
    disabled={false}>
    <span>
      Info 
    </span>
    <Glyphicon
      bsClass="glyphicon"
      glyph="question-sign" />
  </Button>
</OverlayTrigger>
`;
