exports[`test matches snapshot 1`] = `
<OverlayTrigger
  defaultOverlayShown={false}
  overlay={
    <Popover
      bsClass="popover"
      id="Info-"
      placement="right" />
  }
  placement="bottom"
  rootClose={true}
  trigger="click">
  <Glyphicon
    bsClass="glyphicon"
    glyph="question-sign"
    style={
      Object {
        "opacity": 0.3,
      }
    } />
</OverlayTrigger>
`;
