exports[`test matches snapshot 1`] = `
<form
  onSubmit={undefined}>
  <Panel
    bsClass="panel"
    bsStyle="default"
    defaultExpanded={false}
    header="Housing Type">
    <Anchor
      id="housing-type" />
    <FormGroup
      bsClass="form-group">
      <Field
        component={[Function]}
        name="type">
        <option
          value="house">
          Standalone house
        </option>
        <option
          value="terraced">
          Terraced house (3-10 homes)
        </option>
        <option
          value="lowRise">
          Low rise apartments (12-25 homes)
        </option>
        <option
          value="highRise">
          High rise apartments (30+ homes)
        </option>
      </Field>
    </FormGroup>
  </Panel>
</form>
`;
