exports[`test matches snapshot 1`] = `
<form
  onSubmit={undefined}>
  <Panel
    bsClass="panel"
    bsStyle="default"
    defaultExpanded={false}>
    <Anchor
      id="housing-type" />
    <h3>
      Type of Home
       
      <Tip
        name="housing-types">
        We only build terraced housing and low rise apartments because they offer best value for money
      </Tip>
    </h3>
    <FormGroup
      bsClass="form-group">
      <Field
        component={[Function]}
        name="type">
        <option
          disabled={true}
          hidden={true}
          value="">
          Please select...
        </option>
        <option
          value="terraced">
          Terraced house (3-10 homes)
        </option>
        <option
          value="lowRise">
          Low rise apartments (12-25 homes)
        </option>
      </Field>
    </FormGroup>
  </Panel>
</form>
`;
