exports[`test matches snapshot 1`] = `
<form
  onSubmit={undefined}>
  <Panel
    bsClass="panel"
    bsStyle="default"
    defaultExpanded={false}
    header="Home">
    <Field
      component={[Function]}
      label="How many double bedrooms do you need?"
      name="doubleBedrooms" />
    <Field
      component={[Function]}
      label="How many single bedrooms do you need?"
      name="singleBedrooms" />
    <Field
      component={[Function]}
      label="Do you need a study?"
      name="study" />
    <Field
      component={[Function]}
      label="How many bathrooms with a bathtub do you need?"
      name="bathtubs" />
    <Field
      component={[Function]}
      label="How many bathrooms with a shower do you need?"
      name="showers" />
    <Field
      component={[Function]}
      label="How many stand alone toilets do you need?"
      name="toilets" />
  </Panel>
</form>
`;
