exports[`test matches snapshot 1`] = `
<Grid
  bsClass="container"
  componentClass="div"
  fluid={false}>
  <Col
    bsClass="col"
    componentClass="div"
    md={2} />
  <Col
    bsClass="col"
    componentClass="div"
    md={8}>
    <Panel
      bsClass="panel"
      bsStyle="default"
      defaultExpanded={false}
      style={
        Object {
          "textAlign": "center",
        }
      }>
      <p>
        <strong>
          Images © Noah Fagan
        </strong>
      </p>
    </Panel>
  </Col>
  <Col
    bsClass="col"
    componentClass="div"
    md={2} />
</Grid>
`;
