exports[`test matches snapshot 1`] = `
<form
  onSubmit={undefined}>
  <Panel
    bsClass="panel"
    bsStyle="default"
    defaultExpanded={false}>
    <Anchor
      id="transport" />
    <h3>
      Transport
       
      <Tip
        name="transport">
        We choose sites that are close to public transport. We also provide onsite car sharing services
      </Tip>
    </h3>
    <p>
      How will you get to:
    </p>
    <Row
      bsClass="row"
      componentClass="div">
      <Col
        bsClass="col"
        componentClass="div"
        md={6}>
        <Field
          component={[Function]}
          label="Work and school"
          name="commute">
          <option
            value="publicTransport">
            Public transport, walk, or cycle
          </option>
          <option
            value="carPooling">
            Car pool
          </option>
          <option
            value="car">
            Use our own car
          </option>
        </Field>
      </Col>
      <Col
        bsClass="col"
        componentClass="div"
        md={6}>
        <Field
          component={[Function]}
          label="Other places"
          name="needCar">
          <option
            value="mostDays">
            We’ll need to use a car most days
          </option>
          <option
            value="onceOrTwice">
            We’ll need a car once or twice a week
          </option>
          <option
            value="lessThanOnce">
            We’ll need a car less than once a week
          </option>
        </Field>
      </Col>
    </Row>
  </Panel>
</form>
`;
