exports[`test matches snapshot 1`] = `
<form
  onSubmit={undefined}>
  <Panel
    bsClass="panel"
    bsStyle="default"
    defaultExpanded={false}>
    <Anchor
      id="sustainability" />
    <h3>
      Sustainability
       
      <Tip
        name="sustainability">
        Our buildings already provide technology
      </Tip>
    </h3>
    <FormGroup
      bsClass="form-group">
      <Field
        component={[Function]}
        name="level">
        <option
          value="high">
          I want my home to be built to the highest environmental standard
        </option>
        <option
          value="medium">
          I want to invest a little upfront to save money in the long run
        </option>
        <option
          value="low">
          I need to minimize the upfront cost of housing
        </option>
      </Field>
    </FormGroup>
  </Panel>
</form>
`;
