exports[`test matches snapshot 1`] = `
<form
  onSubmit={undefined}>
  <Panel
    bsClass="panel"
    bsStyle="default"
    defaultExpanded={false}
    header="Sustainability">
    <Anchor
      id="sustainability" />
    <Tip
      id="sustainability"
      name="">
      Our buildings already provide technology
    </Tip>
    <FormGroup
      bsClass="form-group">
      <Field
        component={[Function]}
        name="level">
        <option
          value="low">
          I’m happy to invest a little bit upfront
        </option>
        <option
          value="medium">
          I want to invest a lot upfront to save money in the long run
        </option>
        <option
          value="high">
          I want my home to have all the latest sustainability technology
        </option>
      </Field>
    </FormGroup>
  </Panel>
</form>
`;
