exports[`test matches snapshot 1`] = `
<ListGroupItem
  bsClass="list-group-item"
  listItem={false}>
  <h4>
    #
    1
  </h4>
  <DefaultItemComponent
    item="" />
  <Button
    active={false}
    block={false}
    bsClass="btn"
    bsStyle="default"
    disabled={false}
    onClick={undefined}>
    Remove
  </Button>
</ListGroupItem>
`;
