exports[`test matches snapshot 1`] = `
<Well
  bsClass="well"
  className="Footer"
  style={
    Object {
      "textAlign": "center",
    }
  }>
  <ul>
    <li>
      <strong>
        © 2017 Kaenga
      </strong>
    </li>
    <li>
      <Link
        onlyActiveOnIndex={false}
        style={Object {}}
        to="/privacy">
        Privacy
      </Link>
    </li>
  </ul>
</Well>
`;
