exports[`test matches snapshot 1`] = `
<Grid
  bsClass="container"
  className="Footer"
  componentClass="div"
  fluid={false}>
  <Col
    bsClass="col"
    componentClass="div"
    md={2} />
  <Col
    bsClass="col"
    componentClass="div"
    md={8}>
    <Panel
      bsClass="panel"
      bsStyle="default"
      defaultExpanded={false}
      style={
        Object {
          "textAlign": "center",
        }
      }>
      <ul>
        <li>
          <Unknown
            onlyActiveOnIndex={false}
            style={Object {}}
            to="/privacy">
            Privacy
          </Unknown>
        </li>
      </ul>
      <strong>
        © 2017 Kaenga
      </strong>
      <br />
      <strong>
        Images © Noah Fagan
      </strong>
    </Panel>
  </Col>
  <Col
    bsClass="col"
    componentClass="div"
    md={2} />
</Grid>
`;
