exports[`test matches snapshot 1`] = `
<FormGroup
  bsClass="form-group">
  <ControlLabel
    bsClass="control-label"
    srOnly={false} />
  <FormControl
    bsClass="form-control"
    componentClass="input"
    input={Object {}}
    meta={Object {}}
    onChange={undefined}
    value={undefined} />
</FormGroup>
`;
