exports[`test matches snapshot 1`] = `
<FormGroup
  bsClass="form-group">
  <ControlLabel
    bsClass="control-label"
    srOnly={false}>
    How old is the occupant?
  </ControlLabel>
  <FormControl
    bsClass="form-control"
    componentClass="select"
    onChange={undefined}
    value={undefined}>
    <option
      value="adult">
      Adult
    </option>
    <option
      value="teenager">
      Teenager
    </option>
    <option
      value="child">
      Child
    </option>
  </FormControl>
</FormGroup>
`;
