exports[`test matches snapshot 1`] = `
<FormGroup
  bsClass="form-group">
  <ControlLabel
    bsClass="control-label"
    srOnly={false}>
    Suburbs
  </ControlLabel>
  <FormControl
    bsClass="form-control"
    componentClass="select"
    multiple={true}
    onChange={undefined}
    value={Array []} />
</FormGroup>
`;
