exports[`test matches snapshot 1`] = `
<ListGroupItem
  bsClass="list-group-item"
  listItem={false}>
  <h4>
    Bathroom #
    1
  </h4>
  <Field
    component={[Function]}
    name=".shower">
    Shower
  </Field>
  <Field
    component={[Function]}
    name=".bath">
    Bath
  </Field>
  <Button
    active={false}
    block={false}
    bsClass="btn"
    bsStyle="default"
    disabled={false}
    onClick={undefined}>
    Remove Bathroom
  </Button>
</ListGroupItem>
`;
