exports[`test matches snapshot 1`] = `
<form
  onSubmit={undefined}>
  <Panel
    bsClass="panel"
    bsStyle="default"
    defaultExpanded={false}
    header="Location">
    <Field
      component={[Function]}
      label="Suburbs"
      multiple={true}
      name="suburbs">
      
    </Field>
  </Panel>
</form>
`;
