exports[`test matches snapshot 1`] = `
<form
  onSubmit={undefined}>
  <Panel
    bsClass="panel"
    bsStyle="default"
    defaultExpanded={false}
    header="Hobbies and Lifestyles">
    <Anchor
      id="hobbies" />
    <FormGroup
      bsClass="form-group">
      <ControlLabel
        bsClass="control-label"
        srOnly={false}>
        What are your family’s hobbies?
      </ControlLabel>
      <Field
        component={[Function]}
        label="Outdoor sports and activities"
        name="sports" />
      <Field
        component={[Function]}
        label="Exercising and keeping fit"
        name="exercising" />
      <Field
        component={[Function]}
        label="Gardening"
        name="gardening" />
      <Field
        component={[Function]}
        label="Working with tools, building things"
        name="building" />
      <Field
        component={[Function]}
        label="Reading"
        name="reading" />
      <Field
        component={[Function]}
        label="Playing board/computer games"
        name="games" />
      <Field
        component={[Function]}
        label="Art/music"
        name="artMusic" />
      <Field
        component={[Function]}
        label="Socialising/meeting new people"
        name="socialising" />
    </FormGroup>
  </Panel>
</form>
`;
