exports[`test matches snapshot 1`] = `
<Grid
  bsClass="container"
  className="Main"
  componentClass="div"
  fluid={false}>
  <Col
    bsClass="col"
    componentClass="div"
    md={1} />
  <Col
    bsClass="col"
    componentClass="div"
    md={10}>
    <Jumbotron
      bsClass="jumbotron"
      className="Main-header"
      componentClass="div">
      <PageHeader
        bsClass="page-header">
        <h1>
          Home Builder
        </h1>
        <small>
          Design a home that meets your needs and fits your budget
        </small>
      </PageHeader>
      <AboutSection />
    </Jumbotron>
    <Connect(ReduxForm) />
    <ReduxForm />
    <ReduxForm />
    <ReduxForm />
    <ReduxForm />
    <ReduxForm />
    <ReduxForm />
    <Panel
      bsClass="panel"
      bsStyle="default"
      className="Main-register"
      defaultExpanded={false}>
      <Button
        active={false}
        block={false}
        bsClass="btn"
        bsSize="large"
        bsStyle="success"
        disabled={false}
        onClick={[Function]}>
        Register
      </Button>
    </Panel>
  </Col>
  <Col
    bsClass="col"
    componentClass="div"
    md={1} />
  <RegisterModal
    hideRegisterForm={[Function]}
    registerFormOpen={false} />
</Grid>
`;
