exports[`test matches snapshot 1`] = `
<Grid
  bsClass="container"
  componentClass="div"
  fluid={false}>
  <Col
    bsClass="col"
    componentClass="div"
    md={2} />
  <Col
    bsClass="col"
    componentClass="div"
    md={8}>
    <Connect(ReduxForm) />
    <ReduxForm />
    <ReduxForm />
    <ReduxForm />
    <ReduxForm />
    <ReduxForm />
  </Col>
  <Col
    bsClass="col"
    componentClass="div"
    md={2} />
</Grid>
`;
