exports[`test matches snapshot 1`] = `
<div
  className="App">
  <Uncontrolled(Navbar)
    bsStyle="default"
    fixedTop={true}>
    <NavbarHeader>
      <Link
        onlyActiveOnIndex={false}
        style={Object {}}
        to="/">
        <NavbarBrand>
          <img
            alt="Kāenga logo"
            src="logo.png" />
        </NavbarBrand>
      </Link>
      <NavbarToggle />
    </NavbarHeader>
    <NavbarCollapse>
      <Nav
        bsClass="nav"
        bsStyle="tabs"
        justified={false}
        pullLeft={false}
        pullRight={true}
        stacked={false}>
        <LinkContainer
          action="push"
          onlyActiveOnIndex={false}
          to="/report">
          <NavItem
            active={false}
            disabled={false}>
            <span>
              Price: 
            </span>
            <strong>
              <Currency
                type="nzd"
                value={0} />
            </strong>
          </NavItem>
        </LinkContainer>
      </Nav>
    </NavbarCollapse>
  </Uncontrolled(Navbar)>
  <Footer />
</div>
`;
