exports[`test matches snapshot 1`] = `
<div
  className="App">
  <Uncontrolled(Navbar)
    bsStyle="default">
    <NavbarHeader>
      <NavbarBrand>
        Kaenga Housing Calculator
      </NavbarBrand>
    </NavbarHeader>
  </Uncontrolled(Navbar)>
  <Grid
    bsClass="container"
    componentClass="div"
    fluid={false}>
    <ReduxForm
      suburbs={Array []} />
    <Connect(CheapestSuburb) />
    <ReduxForm />
    <ReduxForm />
    <Connect(HomeFloorspace) />
    <ReduxForm />
    <Connect(LivingSpace) />
    <Connect(Report) />
  </Grid>
</div>
`;
