exports[`test matches snapshot 1`] = `
<div
  className="App">
  <Uncontrolled(Navbar)
    bsStyle="default">
    <NavbarHeader>
      <NavbarBrand>
        Kaenga Housing Calculator
      </NavbarBrand>
    </NavbarHeader>
  </Uncontrolled(Navbar)>
  <Grid
    bsClass="container"
    componentClass="div"
    fluid={false}>
    <Col
      bsClass="col"
      componentClass="div"
      md={6}>
      <ReduxForm
        suburbs={Array []} />
      <ReduxForm />
      <ReduxForm />
      <ReduxForm />
    </Col>
    <Col
      bsClass="col"
      componentClass="div"
      md={6}>
      <Connect(CheapestSuburb) />
      <Connect(HomeFloorspace) />
      <Connect(LivingSpace) />
      <Connect(Report) />
    </Col>
  </Grid>
</div>
`;
