exports[`test matches snapshot 1`] = `
<Modal
  animation={true}
  autoFocus={true}
  backdrop={true}
  bsClass="modal"
  dialogComponentClass={[Function]}
  enforceFocus={true}
  keyboard={true}
  manager={
    ModalManager {
      "containers": Array [],
      "data": Array [],
      "handleContainerOverflow": true,
      "hideSiblingNodes": true,
      "modals": Array [],
    }
  }
  onHide={[Function]}
  renderBackdrop={[Function]}
  restoreFocus={true}
  show={false}>
  <ModalHeader
    aria-label="Close"
    bsClass="modal-header"
    closeButton={true}>
    <ModalTitle
      bsClass="modal-title"
      componentClass="h4">
      Register
    </ModalTitle>
  </ModalHeader>
  <ModalBody
    bsClass="modal-body"
    componentClass="div">
    <Connect(ReduxForm) />
  </ModalBody>
</Modal>
`;
