exports[`test matches snapshot 1`] = `
<OverlayTrigger
  defaultOverlayShown={false}
  overlay={
    <Popover
      bsClass="popover"
      id="Tip-"
      placement="right" />
  }
  placement="bottom"
  rootClose={true}
  trigger="click">
  <Glyphicon
    bsClass="glyphicon"
    glyph="info-sign" />
</OverlayTrigger>
`;
