exports[`test matches snapshot 1`] = `
<OverlayTrigger
  defaultOverlayShown={false}
  overlay={
    <Popover
      bsClass="popover"
      id="Tip-"
      placement="right" />
  }
  placement="left"
  rootClose={true}
  trigger="click">
  <Button
    active={false}
    block={false}
    bsClass="btn"
    bsStyle="info"
    className="pull-right"
    disabled={false}>
    <span>
      Tip 
    </span>
    <Glyphicon
      bsClass="glyphicon"
      glyph="exclamation-sign" />
  </Button>
</OverlayTrigger>
`;
