exports[`test matches snapshot 1`] = `
<Well
  bsClass="well">
  <h2>
    Our Designs
  </h2>
  <Carousel
    bsClass="carousel"
    controls={true}
    indicators={true}
    interval={5000}
    nextIcon={
      <Glyphicon
        bsClass="glyphicon"
        glyph="chevron-right" />
    }
    nextLabel="Next"
    pauseOnHover={true}
    prevIcon={
      <Glyphicon
        bsClass="glyphicon"
        glyph="chevron-left" />
    }
    prevLabel="Previous"
    slide={true}
    wrap={true}>
    <CarouselItem
      active={false}
      animateIn={false}
      animateOut={false}>
      <img
        alt="Design 1"
        src="Noah-Fagan-portfolio-oct-14-4.jpg" />
    </CarouselItem>
    <CarouselItem
      active={false}
      animateIn={false}
      animateOut={false}>
      <img
        alt="Design 2"
        src="Noah-Fagan-portfolio-oct-14-5.jpg" />
    </CarouselItem>
    <CarouselItem
      active={false}
      animateIn={false}
      animateOut={false}>
      <img
        alt="Design 3"
        src="Noah-Fagan-portfolio-oct-14-6.jpg" />
    </CarouselItem>
    <CarouselItem
      active={false}
      animateIn={false}
      animateOut={false}>
      <img
        alt="Design 4"
        src="Noah-Fagan-portfolio-oct-14-7.jpg" />
    </CarouselItem>
  </Carousel>
</Well>
`;
